// Jest Snapshot v1, https://goo.gl/fbAQLP

exports[`should render CreatePost component 1`] = `
ShallowWrapper {
  Symbol(enzyme.__root__): [Circular],
  Symbol(enzyme.__unrendered__): <CreatePost
    classes={Object {}}
    dispatch={[Function]}
    user={Object {}}
/>,
  Symbol(enzyme.__renderer__): Object {
    "batchedUpdates": [Function],
    "getNode": [Function],
    "render": [Function],
    "simulateEvent": [Function],
    "unmount": [Function],
  },
  Symbol(enzyme.__node__): Object {
    "instance": null,
    "key": undefined,
    "nodeType": "host",
    "props": Object {
      "autoComplete": "off",
      "children": Array [
        <TextField
          className={undefined}
          id="textarea"
          margin="normal"
          multiline={true}
          onChange={[Function]}
          placeholder="What's on your mind?"
          required={false}
          rowsMax="5"
          select={false}
          value=""
/>,
        <WithStyles(Button)
          className={undefined}
          color="primary"
          type="submit"
          variant="contained"
>
          Post
</WithStyles(Button)>,
      ],
      "className": undefined,
      "noValidate": true,
      "onSubmit": [Function],
    },
    "ref": null,
    "rendered": Array [
      Object {
        "instance": null,
        "key": undefined,
        "nodeType": "function",
        "props": Object {
          "className": undefined,
          "id": "textarea",
          "margin": "normal",
          "multiline": true,
          "onChange": [Function],
          "placeholder": "What's on your mind?",
          "required": false,
          "rowsMax": "5",
          "select": false,
          "value": "",
        },
        "ref": null,
        "rendered": null,
        "type": [Function],
      },
      Object {
        "instance": null,
        "key": undefined,
        "nodeType": "class",
        "props": Object {
          "children": "Post",
          "className": undefined,
          "color": "primary",
          "type": "submit",
          "variant": "contained",
        },
        "ref": null,
        "rendered": "Post",
        "type": [Function],
      },
    ],
    "type": "form",
  },
  Symbol(enzyme.__nodes__): Array [
    Object {
      "instance": null,
      "key": undefined,
      "nodeType": "host",
      "props": Object {
        "autoComplete": "off",
        "children": Array [
          <TextField
            className={undefined}
            id="textarea"
            margin="normal"
            multiline={true}
            onChange={[Function]}
            placeholder="What's on your mind?"
            required={false}
            rowsMax="5"
            select={false}
            value=""
/>,
          <WithStyles(Button)
            className={undefined}
            color="primary"
            type="submit"
            variant="contained"
>
            Post
</WithStyles(Button)>,
        ],
        "className": undefined,
        "noValidate": true,
        "onSubmit": [Function],
      },
      "ref": null,
      "rendered": Array [
        Object {
          "instance": null,
          "key": undefined,
          "nodeType": "function",
          "props": Object {
            "className": undefined,
            "id": "textarea",
            "margin": "normal",
            "multiline": true,
            "onChange": [Function],
            "placeholder": "What's on your mind?",
            "required": false,
            "rowsMax": "5",
            "select": false,
            "value": "",
          },
          "ref": null,
          "rendered": null,
          "type": [Function],
        },
        Object {
          "instance": null,
          "key": undefined,
          "nodeType": "class",
          "props": Object {
            "children": "Post",
            "className": undefined,
            "color": "primary",
            "type": "submit",
            "variant": "contained",
          },
          "ref": null,
          "rendered": "Post",
          "type": [Function],
        },
      ],
      "type": "form",
    },
  ],
  Symbol(enzyme.__options__): Object {
    "adapter": ReactSixteenAdapter {
      "options": Object {
        "enableComponentDidUpdateOnSetState": true,
        "lifecycles": Object {
          "componentDidUpdate": Object {
            "onSetState": true,
          },
          "getDerivedStateFromProps": true,
          "getSnapshotBeforeUpdate": true,
          "setState": Object {
            "skipsComponentDidUpdateOnNullish": true,
          },
        },
      },
    },
    "attachTo": undefined,
    "hydrateIn": undefined,
  },
}
`;
