// Jest Snapshot v1, https://goo.gl/fbAQLP

exports[`should render SignupPage component 1`] = `
ShallowWrapper {
  Symbol(enzyme.__root__): [Circular],
  Symbol(enzyme.__unrendered__): <WithStyles(Connect(SignupPage)) />,
  Symbol(enzyme.__renderer__): Object {
    "batchedUpdates": [Function],
    "getNode": [Function],
    "render": [Function],
    "simulateEvent": [Function],
    "unmount": [Function],
  },
  Symbol(enzyme.__node__): Object {
    "instance": null,
    "key": undefined,
    "nodeType": "class",
    "props": Object {
      "classes": Object {
        "avatar": "Connect-SignupPage--avatar-3",
        "errorText": "Connect-SignupPage--errorText-7",
        "footer": "Connect-SignupPage--footer-6",
        "layout": "Connect-SignupPage--layout-1",
        "link": "Connect-SignupPage--link-5",
        "paper": "Connect-SignupPage--paper-2",
        "submit": "Connect-SignupPage--submit-4",
        "successText": "Connect-SignupPage--successText-8",
      },
    },
    "ref": null,
    "rendered": null,
    "type": [Function],
  },
  Symbol(enzyme.__nodes__): Array [
    Object {
      "instance": null,
      "key": undefined,
      "nodeType": "class",
      "props": Object {
        "classes": Object {
          "avatar": "Connect-SignupPage--avatar-3",
          "errorText": "Connect-SignupPage--errorText-7",
          "footer": "Connect-SignupPage--footer-6",
          "layout": "Connect-SignupPage--layout-1",
          "link": "Connect-SignupPage--link-5",
          "paper": "Connect-SignupPage--paper-2",
          "submit": "Connect-SignupPage--submit-4",
          "successText": "Connect-SignupPage--successText-8",
        },
      },
      "ref": null,
      "rendered": null,
      "type": [Function],
    },
  ],
  Symbol(enzyme.__options__): Object {
    "adapter": ReactSixteenAdapter {
      "options": Object {
        "enableComponentDidUpdateOnSetState": true,
        "lifecycles": Object {
          "componentDidUpdate": Object {
            "onSetState": true,
          },
          "getDerivedStateFromProps": true,
          "getSnapshotBeforeUpdate": true,
          "setState": Object {
            "skipsComponentDidUpdateOnNullish": true,
          },
        },
      },
    },
    "attachTo": undefined,
    "hydrateIn": undefined,
  },
}
`;
